PH proc_common_pkg NULL D:/Dropbox/Dropbox/Workspace/zynq_vf/pcores/hw_vf_bram_v1_00_a/devl/projnav/../../../../../../../../Xilinx/14.2/ISE_DS/EDK/hw/XilinxProcessorIPLib/pcores/proc_common_v3_00_a/hdl/vhdl/proc_common_pkg.vhd sub00/vhpl00 1354713005
PB proc_common_pkg proc_common_pkg D:/Dropbox/Dropbox/Workspace/zynq_vf/pcores/hw_vf_bram_v1_00_a/devl/projnav/../../../../../../../../Xilinx/14.2/ISE_DS/EDK/hw/XilinxProcessorIPLib/pcores/proc_common_v3_00_a/hdl/vhdl/proc_common_pkg.vhd sub00/vhpl01 1354713006
