V3 3
FL D:/Dropbox/Dropbox/Workspace/zynq_vf/pcores/hw_vf_bram_v1_00_a/devl/projnav/../../../../../../../../Xilinx/14.2/ISE_DS/EDK/hw/XilinxProcessorIPLib/pcores/proc_common_v3_00_a/hdl/vhdl/proc_common_pkg.vhd 2012/07/16.16:35:05 P.28xd
PH proc_common_v3_00_a/proc_common_pkg 1354713005 \
      FL D:/Dropbox/Dropbox/Workspace/zynq_vf/pcores/hw_vf_bram_v1_00_a/devl/projnav/../../../../../../../../Xilinx/14.2/ISE_DS/EDK/hw/XilinxProcessorIPLib/pcores/proc_common_v3_00_a/hdl/vhdl/proc_common_pkg.vhd \
      PB ieee/std_logic_1164 1341906176 PB ieee/std_logic_arith 1341906177 \
      PB ieee/STD_LOGIC_UNSIGNED 1341906179
PB proc_common_v3_00_a/proc_common_pkg 1354713006 \
      FL D:/Dropbox/Dropbox/Workspace/zynq_vf/pcores/hw_vf_bram_v1_00_a/devl/projnav/../../../../../../../../Xilinx/14.2/ISE_DS/EDK/hw/XilinxProcessorIPLib/pcores/proc_common_v3_00_a/hdl/vhdl/proc_common_pkg.vhd \
      PH proc_common_v3_00_a/proc_common_pkg 1354713005
